C51 COMPILER V9.60.7.0   BEEP                                                              06/13/2023 13:39:46 PAGE 1   


C51 COMPILER V9.60.7.0, COMPILATION OF MODULE BEEP
OBJECT MODULE PLACED IN .\Objects\beep.obj
COMPILER INVOKED BY: E:\keil5_MDKorC51\C51\BIN\C51.EXE beep.c OPTIMIZE(8,SPEED) BROWSE DEBUG OBJECTEXTEND PRINT(.\Listin
                    -gs\beep.lst) OBJECT(.\Objects\beep.obj)

line level    source

   1          #include "beep.h"
   2          #include <REGX52.H>
   3          sbit BEEP = P2 ^ 5;
   4          /*******************************************************************************
   5          * 函 数 名       : beep_alarm
   6          * 函数功能               : 蜂鸣器报警函数
   7          * 输    入       : time：报警持续时间
   8                                             fre：报警频率
   9          * 输    出       : 无
  10          *******************************************************************************/
  11          
  12          void delay_10us(unsigned int ten_us)
  13          {
  14   1              while(ten_us--);        
  15   1      }
  16          
  17          void beep_alarm(unsigned int time, unsigned int fre)
  18          {
  19   1              while (time--)
  20   1              {
  21   2                      BEEP = !BEEP;
  22   2                      delay_10us(fre);
  23   2              }
  24   1      }


MODULE INFORMATION:   STATIC OVERLAYABLE
   CODE SIZE        =     44    ----
   CONSTANT SIZE    =   ----    ----
   XDATA SIZE       =   ----    ----
   PDATA SIZE       =   ----    ----
   DATA SIZE        =   ----    ----
   IDATA SIZE       =   ----    ----
   BIT SIZE         =   ----    ----
END OF MODULE INFORMATION.


C51 COMPILATION COMPLETE.  0 WARNING(S),  0 ERROR(S)
